// Jest Snapshot v1, https://goo.gl/fbAQLP

exports[`CreatePatientForm renders correctly 1`] = `
<div
  aria-hidden="true"
  data-aria-hidden="true"
>
  <span
    hidden=""
    id="__chakra_env"
  />
</div>
`;
