// Jest Snapshot v1, https://goo.gl/fbAQLP

exports[`DeletePatientModal renders correctly 1`] = `
<DocumentFragment>
  <span
    hidden=""
    id="__chakra_env"
  />
</DocumentFragment>
`;
